// Jest Snapshot v1, https://goo.gl/fbAQLP

exports[`VidGrid renders with empty string header 1`] = `
<span
  className="title"
/>
`;

exports[`VidGrid renders with title prop 1`] = `""`;

exports[`VidGrid renders without props 1`] = `""`;
