// Jest Snapshot v1, https://goo.gl/fbAQLP

exports[`Video renders null, no id 1`] = `""`;

exports[`Video renders with video 1`] = `
<div
  className="video-container"
>
  <div
    className="video"
  >
    <iframe
      allow="accelerometer; autoplay; encrypted-media; gyroscope; picture-in-picture"
      allowfullscreen={true}
      className="video-player"
      frameborder="0"
      src="https://www.youtube.com/embed/0siAhk2DlgA?autoplay=1"
      title="video"
    />
  </div>
</div>
`;
