// Jest Snapshot v1, https://goo.gl/fbAQLP

exports[`HomeContent renders 1`] = `
<div
  className="home-content"
>
  <div
    className="responsive-vid-grid-container"
  >
    <VidGrid
      title="Trending"
    />
    <VidGrid
      title="Music"
    />
    <VidGrid
      title="Anime"
    />
  </div>
</div>
`;
