// Jest Snapshot v1, https://goo.gl/fbAQLP

exports[`Subscriptions renders 1`] = `
<Fragment>
  <SidebarHeader
    title="Subscriptions"
  />
  <Subscription
    broadcasting={true}
    label="Diversity"
  />
  <Subscription
    broadcasting={true}
    label="ReallyLongTestName"
  />
  <Subscription
    label="Pop Music - Topic"
    newVids={121}
  />
  <Subscription
    label="Blume"
    newVids={8}
  />
  <Subscription
    label="NoCopyrightSounds"
    newVids={5}
  />
  <Subscription
    label="Nightblue Music"
    newVids={11}
  />
  <Subscription
    label="DÃ˜VYDAS"
    newVids={2}
  />
  <Subscription
    label="Chill Nation"
    newVids={33}
  />
  <Subscription
    label="CS50"
  />
  <Divider />
</Fragment>
`;
