// Jest Snapshot v1, https://goo.gl/fbAQLP

exports[`App renders 1`] = `
<Layout>
  <Switch>
    <Route
      component={[Function]}
      path="/watch"
    />
    <Route
      component={[Function]}
      path="/"
    />
  </Switch>
</Layout>
`;
