// Jest Snapshot v1, https://goo.gl/fbAQLP

exports[`Watch renders 1`] = `
<div
  className="watch-grid"
>
  <Video
    className="video"
    id="0siAhk2DlgA"
  />
  <div
    className="metadata"
    style={
      Object {
        "backgroundColor": "red",
        "height": "100px",
        "width": "100%",
      }
    }
  >
    Metadata
  </div>
  <div
    className="vid-info-box"
    style={
      Object {
        "backgroundColor": "violet",
        "height": "100px",
        "width": "100%",
      }
    }
  >
    Video Info Box
  </div>
  <div
    className="comments"
    style={
      Object {
        "backgroundColor": "blue",
        "height": "100px",
        "width": "100%",
      }
    }
  >
    Comments
  </div>
  <RelatedVids
    className="related-vids"
  />
</div>
`;
