// Jest Snapshot v1, https://goo.gl/fbAQLP

exports[`NextVid renders 1`] = `
<Fragment>
  <div
    className="next-vid-container"
  >
    <h4>
      Up next
    </h4>
    <div
      className="up-next-toggle"
    >
      <span>
        Autoplay
      </span>
      <Checkbox
        defaultChecked={true}
        toggle={true}
        type="checkbox"
      />
    </div>
  </div>
  <VidPreview
    horizontal={true}
  />
  <Divider />
</Fragment>
`;
