// Jest Snapshot v1, https://goo.gl/fbAQLP

exports[`SidebarFooter renders 1`] = `
<Fragment>
  <div
    className="footer-block"
  >
    <div>
      About Press Copyright
    </div>
    <div>
      Contact us Creators
    </div>
    <div>
      Advertise Developers
    </div>
  </div>
  <div
    className="footer-block"
  >
    <div>
      Terms Privacy
    </div>
    <div>
      Policy & Safety
    </div>
    <div>
      Test new features
    </div>
  </div>
  <div
    className="footer-block copyright"
  >
    <div>
      Â© 2019 YourTube, LLC
    </div>
  </div>
</Fragment>
`;
